/example/my_suite_test.go (1 spec, 50ms)
  [33m1 skipped[0m
[0Ksection_start:1717000000:ginkgoleaf_1[collapsed=true][0KOuter
└── Inner
    └── [33m-[0m never runs (12ms)
[0Ksection_end:1717000000:ginkgoleaf_1[0K
[31mSuite-level failure: BeforeSuite failed[0m
[31mFAIL[0m My Suite — [33m1 skipped[0m (50ms)
