/example/my_suite_test.go (1 spec, 50ms)
  [31m1 failed[0m
[0Ksection_start:1717000000:ginkgoleaf_1[0KOuter
└── Inner
    └── [31m✗[0m equals fails (8ms)
[0Ksection_end:1717000000:ginkgoleaf_1[0K
[0Ksection_start:1717000000:ginkgoleaf_2[0KFailures
  [31m✗[0m Outer > Inner > equals fails
    [2mat /example/inner_test.go:25[0m
    expected: 2
    actual:   1
[0Ksection_end:1717000000:ginkgoleaf_2[0K
[31mFAIL[0m My Suite — [31m1 failed[0m (50ms)
