/example/my_suite_test.go (1 spec, 50ms)
  [31m1 failed[0m
[0Ksection_start:1717000000:ginkgoleaf_1[0KOuter
└── Inner
    └── [33m![0m interrupted (12ms)
[0Ksection_end:1717000000:ginkgoleaf_1[0K
[0Ksection_start:1717000000:ginkgoleaf_2[0KFailures
  [33m![0m Outer > Inner > interrupted
    [2mat /example/inner_test.go:55[0m
    Interrupted by user
[0Ksection_end:1717000000:ginkgoleaf_2[0K
[31mFAIL[0m My Suite — [31m1 failed[0m (50ms)
