/example/my_suite_test.go (1 spec, 50ms)
  [31m1 panicked[0m
[0Ksection_start:1717000000:ginkgoleaf_1[0KOuter
└── Inner
    └── [31m✗[0m panics (12ms)
[0Ksection_end:1717000000:ginkgoleaf_1[0K
[0Ksection_start:1717000000:ginkgoleaf_2[0KFailures
  [31m✗[0m Outer > Inner > panics
    [2mat /example/inner_test.go:44[0m
    Test Panicked: runtime error: index out of range [3] with length 2
    stack trace:
    goroutine 1 [running]:
      example/inner_test.go:44 +0x42
[0Ksection_end:1717000000:ginkgoleaf_2[0K
[31mFAIL[0m My Suite — [31m1 panicked[0m (50ms)
