    [X] substring fails (12ms)
        at /example/inner_test.go:31
        needle:   "goodbye"
        haystack: "hello world"

FAIL: My Suite | total 1 | pass 0 | fail 1 | skip 0 | pending 0 | panic 0 | duration 50ms | seed 1717000000

Failures:
  [X] Outer > Inner > substring fails
      at /example/inner_test.go:31
      needle:   "goodbye"
      haystack: "hello world"
