TAP version 14
1..1
not ok 1 - Outer > Inner > captures output
  ---
  message: |-
    expected: 2
    actual:   1
  severity: fail
  at:
    file: /example/inner_test.go
    line: 60
  stdout: |-
    log line 1
    log line 2
  stderr: |-
    stderr noise
  progress: |-
    spec goroutine:
      main.It.func1
        /example/inner_test.go:60
  ...
# total 1, pass 0, fail 1, skip 0, pending 0, panic 0
