TAP version 14
1..1
not ok 1 - Outer > Inner > json fails
  ---
  message: |-
    diff (-expected +actual):
      map[string]any{
      	"a": float64(1),
    - 	"b": float64(3),
    + 	"b": float64(2),
      }
  severity: fail
  at:
    file: /example/inner_test.go
    line: 35
  ...
# total 1, pass 0, fail 1, skip 0, pending 0, panic 0
