# My Suite

**FAIL** — 1 spec · 1 failed · 50ms

<details open><summary><strong>Outer</strong></summary>

- **Inner**
  - ❌ substring fails _(12ms)_

</details>

## Failures

### ❌ Outer › Inner › substring fails

`at /example/inner_test.go:31`

```text
needle:   "goodbye"
haystack: "hello world"
```

