/example/my_suite_test.go (1 spec, 50ms)
  1 failed
└── Outer
    └── Inner
        └── ✗ eventually fails

Failures:
  ✗ Outer > Inner > eventually fails
    at /example/inner_test.go:49
    expected: 5
    actual:   4
    (eventually: 2s after 200 attempts, polling every 10ms)
    last error: expected 4 to equal 5
