Feature: My Suite

  Scenario: interrupted
    Given Outer      # /example/outer_test.go:10
    And Inner        # /example/inner_test.go:15
    Then interrupted # /example/inner_test.go:21
      at /example/inner_test.go:55
      Interrupted by user

1 scenario (1 failed)
3 steps (2 passed, 1 failed)
50ms
