Outer
  Inner
    ✗ equals fails (8ms)
      at /example/inner_test.go:25
      expected: 2
      actual:   1

Tests: 1 total, 0 passed, 1 failed, 0 skipped, 0 pending, 0 panicked
Time:  50ms
Seed:  1717000000

Failures:
  ✗ Outer > Inner > equals fails
    at /example/inner_test.go:25
    expected: 2
    actual:   1

FAIL My Suite
