Outer
  Inner
    ! interrupted (12ms)
      at /example/inner_test.go:55
      Interrupted by user

Tests: 1 total, 0 passed, 1 failed, 0 skipped, 0 pending, 0 panicked
Time:  50ms
Seed:  1717000000

Failures:
  ✗ Outer > Inner > interrupted
    at /example/inner_test.go:55
    Interrupted by user

FAIL My Suite
