Outer
  Inner
    ✗ panics (12ms)
      at /example/inner_test.go:44
      Test Panicked: runtime error: index out of range [3] with length 2
      stack trace:
      goroutine 1 [running]:
        example/inner_test.go:44 +0x42

Tests: 1 total, 0 passed, 0 failed, 0 skipped, 0 pending, 1 panicked
Time:  50ms
Seed:  1717000000

Failures:
  ✗ Outer > Inner > panics
    at /example/inner_test.go:44
    Test Panicked: runtime error: index out of range [3] with length 2

FAIL My Suite
